[support.binance.com/hc/en-us/articles/360000850171-System-Upgrade-Completed.html]
[backblue.gif]
[fade.gif]
[index.html]
[theme.zdassets.com/theme_assets/1938355/a48b268aeb087898963103241223278eef9a02f7.png]
[p13.zdassets.com/hc/assets/application-3b0b6df180f05e3fa954d2e4d90e4600.css]
[p13.zdassets.com/hc/theming_assets/1938355/114094048972/stylee17f.css]
[p13.zdassets.com/hc/assets/jquery-b60ddb79ff2563b75442a6bac88b00b5.js]
[p13.zdassets.com/hc/theming_assets/1938355/114094048972/scripte17f.js]
[support.binance.com/hc/en-us/articles/360000851071-Happy-Valentine-s-Day-GTO-Lucky-Draw-and-Trading-Competition.html]
[support.binance.com/hc/en-us/articles/360000849751-System-Upgrade-Notice.html]
[support.binance.com/hc/en-us/articles/360000765312-System-Upgrade-Completed.html]
[support.binance.com/hc/en-us/articles/360000759592-Extension-of-TRIG-Competition-and-Postponement-of-Community-Coin-of-the-Month-Round-6.html]
[support.binance.com/hc/en-us/articles/360000778631-System-Upgrade-Notice.html]
[support.binance.com/hc/en-us/articles/360000737572-System-Upgrade-Complete.html]
[support.binance.com/hc/en-us/articles/360000754711-System-Upgrade-Latest-Update.html]
[support.binance.com/hc/en-us/articles/360000713851-System-Upgrade-Extension.html]
[support.binance.com/hc/en-us/articles/360000710431-System-already-in-upgrade.html]
[support.binance.com/system/photos/1140/9841/6071/徽标37x37.png]
[support.binance.com/hc/en-us/articles/360000850171-System-Upgrade-Completed/subscription]
[p13.zdassets.com/hc/assets/locales/en-us-81bc1ea51b70d411a7857e0f6f67df60.js]
[binance.zendesk.com/auth/v2/host.js]
[p13.zdassets.com/assets/zendesk_pci_hc.v4.js]
[p13.zdassets.com/hc/assets/hc_enduser-99ecbf6c6034819f1a2d9f538431319f.js]
[support.binance.com/hc/en-us/articles/POST]
[support.binance.com/hc/en-us/articles/360000850171-System-Upgrade-Completed.html]
[p13.zdassets.com/hc/assets/entypo-3abe7740fe6a52bc50b230991f869092.eot]
[p13.zdassets.com/hc/assets/entypo-3abe7740fe6a52bc50b230991f869092d41d.eot]
[p13.zdassets.com/hc/assets/entypo-5adc1c49be0325a8cdac239d1b0b05ad.woff]
[p13.zdassets.com/hc/assets/entypo-d19e604cb2db8e8a56bd13031d6e2b32.ttf]
[p13.zdassets.com/hc/assets/loader.gif]
[p13.zdassets.com/hc/assets/application-3b0b6df180f05e3fa954d2e4d90e4600.css]
[theme.zdassets.com/theme_assets/1938355/6aae8ce36967837f706ac36deff4b753e43977a4.gif]
[theme.zdassets.com/theme_assets/1938355/d8d6d5b658af06c828d8bb1f7b87ad1968ac420e.jpg]
[theme.zdassets.com/theme_assets/1938355/38f6a0d333f5840a93257af4d8fe9a194fe61813.jpg]
[p13.zdassets.com/hc/theming_assets/1938355/114094048972/stylee17f.css]
[support.binance.com/hc/en-us/articles/360000851071-Happy-Valentine-s-Day-GTO-Lucky-Draw-and-Trading-Competition/subscription.1f.delayed]
[support.binance.com/hc/en-us/articles/360000851071-Happy-Valentine-s-Day-GTO-Lucky-Draw-and-Trading-Competition.html]
[support.binance.com/hc/en-us/articles/360000849751-System-Upgrade-Notice/subscription]
[support.binance.com/hc/en-us/articles/360000849751-System-Upgrade-Notice.html]
[support.binance.com/hc/en-us/articles/360000765312-System-Upgrade-Completed/subscription]
[support.binance.com/hc/en-us/articles/360000765312-System-Upgrade-Completed.html]
[support.binance.com/hc/en-us/articles/360000759592-Extension-of-TRIG-Competition-and-Postponement-of-Community-Coin-of-the-Month-Round-6/subscription]
[support.binance.com/hc/en-us/articles/360000496951.html]
[support.binance.com/hc/en-us/articles/360000598531.html]
[support.binance.com/hc/en-us/articles/360000759592-Extension-of-TRIG-Competition-and-Postponement-of-Community-Coin-of-the-Month-Round-6.html]
[support.binance.com/hc/en-us/articles/360000778631-System-Upgrade-Notice/subscription]
[support.binance.com/hc/en-us/articles/360000778631-System-Upgrade-Notice.html]
[support.binance.com/hc/en-us/articles/360000737572-System-Upgrade-Complete/subscription]
[support.binance.com/hc/en-us/articles/360000737572-System-Upgrade-Complete.html]
[support.binance.com/hc/en-us/articles/360000754711-System-Upgrade-Latest-Update/subscription]
[support.binance.com/hc/en-us/articles/360000754711-System-Upgrade-Latest-Update.html]
[support.binance.com/hc/en-us/articles/360000713851-System-Upgrade-Extension/subscription]
[support.binance.com/hc/en-us/articles/360000713851-System-Upgrade-Extension.html]
[support.binance.com/hc/en-us/articles/360000710431-System-already-in-upgrade/subscription]
[support.binance.com/hc/en-us/articles/360000710431-System-already-in-upgrade.html]
[support.binance.com/hc/en-us/articles/360000850171-System-Upgrade-Completed/subscription.html]
[support.binance.com/hc/en-us/articles/POST.html]
[p13.zdassets.com/hc/assets/entypo-871383d0cf0ec0b749040df783006519.svg]
[support.binance.com/hc/en-us/articles/360000851071-Happy-Valentine-s-Day-GTO-Lucky-Draw-and-Trading-Competition/subscription.html]
[support.binance.com/hc/en-us/articles/360000849751-System-Upgrade-Notice/subscription.html]
[support.binance.com/hc/en-us/articles/360000765312-System-Upgrade-Completed/subscription.html]
[support.binance.com/hc/en-us/articles/360000759592-Extension-of-TRIG-Competition-and-Postponement-of-Community-Coin-of-the-Month-Round-6/subscription.html]
[support.binance.com/hc/en-us/articles/360000496951-Triggers-Competition-1-000-Spots-Available-to-Share-a-Pool-of-154-500-TRIG-.html]
[support.binance.com/hc/en-us/articles/360000496951-Triggers-Competition-1-000-Spots-Available-to-Share-a-Pool-of-154-500-TRIG-/subscription.2c.delayed]
[support.binance.com/hc/en-us/articles/360000496951.html]
[support.binance.com/hc/en-us/articles/360000598531-Community-Coin-of-the-Month-Round-6.html]
[support.binance.com/hc/en-us/articles/360000598531-Community-Coin-of-the-Month-Round-6/subscription.2f.delayed]
[support.binance.com/hc/en-us/articles/360000598531.html]
[support.binance.com/hc/en-us/articles/360000778631-System-Upgrade-Notice/subscription.html]
[support.binance.com/hc/en-us/articles/360000737572-System-Upgrade-Complete/subscription.html]
[support.binance.com/hc/en-us/articles/360000754711-System-Upgrade-Latest-Update/subscription.html]
[support.binance.com/hc/en-us/articles/360000713851-System-Upgrade-Extension/subscription.html]
[support.binance.com/hc/en-us/articles/360000710431-System-already-in-upgrade/subscription.html]
[www.google-analytics.com/analytics.js]
[support.binance.com/hc/en-us/articles/360000496951-Triggers-Competition-1-000-Spots-Available-to-Share-a-Pool-of-154-500-TRIG-.html]
[support.binance.com/hc/en-us/articles/360000496951-Triggers-Competition-1-000-Spots-Available-to-Share-a-Pool-of-154-500-TRIG-/subscription.html]
[support.binance.com/hc/en-us/articles/360000598531-Community-Coin-of-the-Month-Round-6.html]
[support.binance.com/hc/en-us/articles/360000598531-Community-Coin-of-the-Month-Round-6/subscription.html]
